                                                                                
                                                                                
                                                                                
                                                                                
┏━━━━━━━━━━━━━━━━━━━━━━━━━━━━━━━━━━━━━━━━━━━━━━━━━━━━━━┓
  ▌ lfg │ BACKUP                                        
────────────────────────────────────────────────────────
                                                        
Encrypt the backup?                                                             
Encrypted = .tar.age (age). Plain = .tar.gz, no secrets.                        
                                                                                
                 .tar.age     .tar.gz                                          
                                                        
────────────────────────────────────────────────────────
  [←→] SWITCH  [⏎] CONFIRM  [⎋] BACK                    
┗━━━━━━━━━━━━━━━━━━━━━━━━━━━━━━━━━━━━━━━━━━━━━━━━━━━━━━┛
                                                                                
                                                                                
                                                                                
                                                                                