                                                               
┏━━━━━━━━━━━━━━━━━━━━━━━━━━━━━━━━━━━━━━━━━━━━━━━━━━━━━━┓
  ▌ lfg │ STEP 1/2 · PICK TOOLS                         
────────────────────────────────────────────────────────
                                                        
┃ PICK WHAT TO INSTALL                    8 SELECTED    
                                                        
        BUNDLE / TOOL                  INSTALLED    VIA 
  ──────────────────────────────────────────────────    
▸ [✓] ▶ BAREBONES                    8 tools · 8 selected
  [ ] ▶ DEV-TOOLS                    4 tools · 0 selected
  [ ] ▶ SKILLS                       5 tools · 0 selected
  ──────────────────────────────────────────────────    
                                                        
                                                        
────────────────────────────────────────────────────────
  [↑↓] NAV  [→←] TREE  [SP] TOGGLE  [A] ALL  [⏎] NEXT  [⎋] BACK
┗━━━━━━━━━━━━━━━━━━━━━━━━━━━━━━━━━━━━━━━━━━━━━━━━━━━━━━┛
                                                               
                                                               