                                                                                
                                                                                
                                                                                
  ┏━━━━━━━━━━━━━━━━━━━━━━━━━━━━━━━━━━━━━━━━━━━━━━━━━━━━━━━━━━━━━━━━━━━━━━━━━━┓  
    ▌ lfg │ STEP 1/2 · PICK TOOLS                                  THEME LFG    
  ────────────────────────────────────────────────────────────────────────────  
                                                                                
  ┃ PICK WHAT TO INSTALL                                        8 SELECTED      
                                                                                
          BUNDLE / TOOL           INSTALLED    VIA                              
    ──────────────────────────────────────────────────────────────────────      
  ▸ [✓] ▶ BAREBONES               8/8 picked                                    
    [ ] ▶ DEV-TOOLS               0/4 picked                                    
    [ ] ▶ SKILLS                  0/6 picked                                    
    ──────────────────────────────────────────────────────────────────────      
                                                                                
                                                                                
  ────────────────────────────────────────────────────────────────────────────  
    [↑↓] NAV  [→←] TREE  [SP] TOGGLE  [I] INFO  [A] ALL  [⏎] NEXT  [⎋] BACK     
  ┗━━━━━━━━━━━━━━━━━━━━━━━━━━━━━━━━━━━━━━━━━━━━━━━━━━━━━━━━━━━━━━━━━━━━━━━━━━┛  
                                                                                
                                                                                
                                                                                
                                                                                