                                                                                                    
                                                                                                    
                                                                                                    
                                                                                                    
  ┏━━━━━━━━━━━━━━━━━━━━━━━━━━━━━━━━━━━━━━━━━━━━━━━━━━━━━━━━━━━━━━━━━━━━━━━━━━━━━━━━━━━━━━━━━━━━━━┓  
    ▌ lfg │ STEP 1/2 · PICK TOOLS                                                                   
  ────────────────────────────────────────────────────────────────────────────────────────────────  
                                                                                                    
  ┃ PICK WHAT TO INSTALL                                                            7 SELECTED      
                                                                                                    
              BUNDLE / TOOL                STATUS                                                   
    ──────────────────────────────────────────────────────────────────────────────────────────      
  ▸ [~] ▶ DEFAULT                      22 tools · 7 selected                                        
    [ ] ▶ MAC-POWER-USER               9 tools · 0 selected                                         
    [ ] ▶ AI-CLIS                      3 tools · 0 selected                                         
    [ ] ▶ MEDIA                        5 tools · 0 selected                                         
    [ ] ▶ SKILLS-FRONTEND              2 tools · 0 selected                                         
    [ ] ▶ SKILLS-BACKEND               2 tools · 0 selected                                         
    [ ] ▶ SKILLS-AI                    2 tools · 0 selected                                         
    ──────────────────────────────────────────────────────────────────────────────────────────      
                                                                                                    
                                                                                                    
  ────────────────────────────────────────────────────────────────────────────────────────────────  
    [↑↓] NAV  [→←] TREE  [SP] TOGGLE  [A] ALL  [⏎] NEXT  [⎋] BACK                                   
  ┗━━━━━━━━━━━━━━━━━━━━━━━━━━━━━━━━━━━━━━━━━━━━━━━━━━━━━━━━━━━━━━━━━━━━━━━━━━━━━━━━━━━━━━━━━━━━━━┛  
                                                                                                    
                                                                                                    
                                                                                                    
                                                                                                    
                                                                                                    