                                                                                                                                                                
                                                                                                                                                                
                                                                                                                                                                
                                                                                                                                                                
                                                                                                                                                                
                                                                                                                                                                
                                                                                                                                                                
                                                                                                                                                                
                                                                                                                                                                
                                                                                                                                                                
                                                                                                                                                                
                                                                                                                                                                
                                                                                                                                                                
                                                                                                                                                                
                              ┏━━━━━━━━━━━━━━━━━━━━━━━━━━━━━━━━━━━━━━━━━━━━━━━━━━━━━━━━━━━━━━━━━━━━━━━━━━━━━━━━━━━━━━━━━━━━━━━━━━┓                              
                              ┃  ▌ lfg │ DETECTING                                                                    THEME LFG  ┃                              
                              ┃──────────────────────────────────────────────────────────────────────────────────────────────────┃                              
                              ┃                                                                                                  ┃                              
                              ┃┃ DETECTING INSTALLED TOOLS                                                              0 OF 24  ┃                              
                              ┃                                                                                                  ┃                              
                              ┃  00 PROBED  │  24 TOTAL  │  0% PCT                                                               ┃                              
                              ┃                                                                                                  ┃                              
                              ┃  ░░░░░░░░░░░░░░░░░░░░░░░░░░░░░░░░░░░░░░░░░░░░░░░░░░░░░░░░░░░░                                    ┃                              
                              ┃                                                                                                  ┃                              
                              ┃  starting…                                                                                       ┃                              
                              ┃                                                                                                  ┃                              
                              ┃                                                                                                  ┃                              
                              ┃──────────────────────────────────────────────────────────────────────────────────────────────────┃                              
                              ┃  [⏎] SKIP  [^C] QUIT                                                                             ┃                              
                              ┗━━━━━━━━━━━━━━━━━━━━━━━━━━━━━━━━━━━━━━━━━━━━━━━━━━━━━━━━━━━━━━━━━━━━━━━━━━━━━━━━━━━━━━━━━━━━━━━━━━┛                              
                                                                                                                                                                
                                                                                                                                                                
                                                                                                                                                                
                                                                                                                                                                
                                                                                                                                                                
                                                                                                                                                                
                                                                                                                                                                
                                                                                                                                                                
                                                                                                                                                                
                                                                                                                                                                
                                                                                                                                                                
                                                                                                                                                                
                                                                                                                                                                
                                                                                                                                                                