                                                                                                                                                                                                        
                                                                                                                                                                                                        
                                                                                                                                                                                                        
                                                                                                                                                                                                        
                                                                                                                                                                                                        
                                                                                                                                                                                                        
                                                                                                                                                                                                        
                                                                                                                                                                                                        
                                                                                                                                                                                                        
                                                                                                                                                                                                        
                                                                                                                                                                                                        
                                                                                                                                                                                                        
                                                                                                                                                                                                        
                                                                                                                                                                                                        
                                                                                                                                                                                                        
                                                  ┏━━━━━━━━━━━━━━━━━━━━━━━━━━━━━━━━━━━━━━━━━━━━━━━━━━━━━━━━━━━━━━━━━━━━━━━━━━━━━━━━━━━━━━━━━━━━━━━━━━┓                                                  
                                                    ▌ lfg │ DETECTING                                                                                                                                   
                                                  ────────────────────────────────────────────────────────────────────────────────────────────────────                                                  
                                                                                                                                                                                                        
                                                  ┃ DETECTING INSTALLED TOOLS                                                              0 OF 17                                                      
                                                                                                                                                                                                        
                                                    ╭────────────────────────────╮  ╭────────────────────────────╮  ╭────────────────────────────╮                                                      
                                                  │             00             │  │             17             │  │             0%             │                                                        
                                                  │           PROBED           │  │           TOTAL            │  │            PCT             │                                                        
                                                  ╰────────────────────────────╯  ╰────────────────────────────╯  ╰────────────────────────────╯                                                        
                                                                                                                                                                                                        
                                                    ░░░░░░░░░░░░░░░░░░░░░░░░░░░░░░░░░░░░░░░░░░░░░░░░░░░░░░░░░░░░                                                                                        
                                                                                                                                                                                                        
                                                    starting…                                                                                                                                           
                                                                                                                                                                                                        
                                                                                                                                                                                                        
                                                  ────────────────────────────────────────────────────────────────────────────────────────────────────                                                  
                                                    [⏎] SKIP  [^C] QUIT                                                                                                                                 
                                                  ┗━━━━━━━━━━━━━━━━━━━━━━━━━━━━━━━━━━━━━━━━━━━━━━━━━━━━━━━━━━━━━━━━━━━━━━━━━━━━━━━━━━━━━━━━━━━━━━━━━━┛                                                  
                                                                                                                                                                                                        
                                                                                                                                                                                                        
                                                                                                                                                                                                        
                                                                                                                                                                                                        
                                                                                                                                                                                                        
                                                                                                                                                                                                        
                                                                                                                                                                                                        
                                                                                                                                                                                                        
                                                                                                                                                                                                        
                                                                                                                                                                                                        
                                                                                                                                                                                                        
                                                                                                                                                                                                        
                                                                                                                                                                                                        
                                                                                                                                                                                                        
                                                                                                                                                                                                        
                                                                                                                                                                                                        