                                                                                                    
                                                                                                    
                                                                                                    
                                                                                                    
                                                                                                    
  ┏━━━━━━━━━━━━━━━━━━━━━━━━━━━━━━━━━━━━━━━━━━━━━━━━━━━━━━━━━━━━━━━━━━━━━━━━━━━━━━━━━━━━━━━━━━━━━━┓  
    ▌ lfg │ DETECTING                                                                               
  ────────────────────────────────────────────────────────────────────────────────────────────────  
                                                                                                    
  ┃ DETECTING INSTALLED TOOLS                                                          0 OF 45      
                                                                                                    
    ╭──────────────────────────╮  ╭──────────────────────────╮  ╭──────────────────────────╮        
  │            00            │  │            45            │  │            0%            │          
  │          PROBED          │  │          TOTAL           │  │           PCT            │          
  ╰──────────────────────────╯  ╰──────────────────────────╯  ╰──────────────────────────╯          
                                                                                                    
    ░░░░░░░░░░░░░░░░░░░░░░░░░░░░░░░░░░░░░░░░░░░░░░░░░░░░░░░░░░░░                                    
                                                                                                    
    starting…                                                                                       
                                                                                                    
                                                                                                    
  ────────────────────────────────────────────────────────────────────────────────────────────────  
    [⏎] SKIP  [^C] QUIT                                                                             
  ┗━━━━━━━━━━━━━━━━━━━━━━━━━━━━━━━━━━━━━━━━━━━━━━━━━━━━━━━━━━━━━━━━━━━━━━━━━━━━━━━━━━━━━━━━━━━━━━┛  
                                                                                                    
                                                                                                    
                                                                                                    
                                                                                                    
                                                                                                    
                                                                                                    