                                                                
                                                                
┏━━━━━━━━━━━━━━━━━━━━━━━━━━━━━━━━━━━━━━━━━━━━━━━━━━━━━━┓
┃  ▌ lfg │ DETECTING                        THEME LFG  ┃
┃──────────────────────────────────────────────────────┃
┃                                                      ┃
┃┃ DETECTING INSTALLED TOOLS                  0 OF 30  ┃
┃                                                      ┃
┃  00 PROBED  │  30 TOTAL  │  0% PCT                   ┃
┃                                                      ┃
┃  ░░░░░░░░░░░░░░░░░░░░░░░░░░░░░░░░░░░░░░░░░░░░░░░░░░░░░░░░░░░░┃
┃                                                      ┃
┃  starting…                                           ┃
┃                                                      ┃
┃                                                      ┃
┃──────────────────────────────────────────────────────┃
┃  [⏎] SKIP  [^C] QUIT                                 ┃
┗━━━━━━━━━━━━━━━━━━━━━━━━━━━━━━━━━━━━━━━━━━━━━━━━━━━━━━┛
                                                                
                                                                