  ┏━━━━━━━━━━━━━━━━━━━━━━━━━━━━━━━━━━━━━━━━━━━━━━━━━━━━━━━━━━━━━━━━━━━━━━━━━━┓  
    ▌ lfg │ WELCOME                                                             
  ────────────────────────────────────────────────────────────────────────────  
                                                                                
                          ██      ██████   █████                                
                          ██      ██      ██                                    
                          ██      █████   ██ ███                                
                          ██      ██      ██  ██                                
                          ██████  ██       ████                                 
                                                                                
        a new dev machine, in less time than this hint takes to read            
                                                                                
  ┃ WHAT NOW?                                       FRESH MACHINE DETECTED      
                                                                                
  ▸ 01  INSTALL RECOMMENDED SETUP                                               
         Pick bundles, install tools. Opinionated but customizable.             
    02  LOAD CONFIG FILE                                                        
         Open a dialog to paste a preset path or URL.                           
    03  BACKUP THIS MACHINE                                                     
         Snapshot dotfiles, package list, configs into a single file.           
    04  QUIT                                                                    
         Exit lfg.                                                              
                                                                                
                                                                                
  ────────────────────────────────────────────────────────────────────────────  
    [↑↓] NAV  [1-4] JUMP  [⏎] SELECT  [^T] THEME  [Q] QUIT                      
  ┗━━━━━━━━━━━━━━━━━━━━━━━━━━━━━━━━━━━━━━━━━━━━━━━━━━━━━━━━━━━━━━━━━━━━━━━━━━┛  